Warning! Running with administrator-privileges is not recommended.
Start script generated by ServerPackCreator 5.0.0-alpha.32.
To change the launch settings of this server, such as JVM args / flags, Minecraft version, modloader version etc., edit the variables.txt-file.
ConvertFrom-StringData : parsing ""C:\Users\user\AppData\Local\Programs\Microsoft\jdk-21.0.8.9-hotspot\bin\java.exe"" 
- Unrecognized escape sequence \U.
At C:\Users\user\Desktop\Modded\start.ps1:17 char:77
+ ... ent -raw -LiteralPath $ExternalVariablesFile | ConvertFrom-StringData
+                                                    ~~~~~~~~~~~~~~~~~~~~~~
    + CategoryInfo          : NotSpecified: (:) [ConvertFrom-StringData], ArgumentException
    + FullyQualifiedErrorId : System.ArgumentException,Microsoft.PowerShell.Commands.ConvertFromStringDataCommand
 
Cannot index into a null array.
At C:\Users\user\Desktop\Modded\start.ps1:20 char:1
+ $MinecraftVersion = $ExternalVariables['MINECRAFT_VERSION']
+ ~~~~~~~~~~~~~~~~~~~~~~~~~~~~~~~~~~~~~~~~~~~~~~~~~~~~~~~~~~~
    + CategoryInfo          : InvalidOperation: (:) [], RuntimeException
    + FullyQualifiedErrorId : NullArray
 
Cannot index into a null array.
At C:\Users\user\Desktop\Modded\start.ps1:21 char:1
+ $ModLoader = $ExternalVariables['MODLOADER']
+ ~~~~~~~~~~~~~~~~~~~~~~~~~~~~~~~~~~~~~~~~~~~~
    + CategoryInfo          : InvalidOperation: (:) [], RuntimeException
    + FullyQualifiedErrorId : NullArray
 
Cannot index into a null array.
At C:\Users\user\Desktop\Modded\start.ps1:22 char:1
+ $ModLoaderVersion = $ExternalVariables['MODLOADER_VERSION']
+ ~~~~~~~~~~~~~~~~~~~~~~~~~~~~~~~~~~~~~~~~~~~~~~~~~~~~~~~~~~~
    + CategoryInfo          : InvalidOperation: (:) [], RuntimeException
    + FullyQualifiedErrorId : NullArray
 
Cannot index into a null array.
At C:\Users\user\Desktop\Modded\start.ps1:23 char:1
+ $LegacyFabricInstallerVersion = $ExternalVariables['LEGACYFABRIC_INST ...
+ ~~~~~~~~~~~~~~~~~~~~~~~~~~~~~~~~~~~~~~~~~~~~~~~~~~~~~~~~~~~~~~~~~~~~~
    + CategoryInfo          : InvalidOperation: (:) [], RuntimeException
    + FullyQualifiedErrorId : NullArray
 
Cannot index into a null array.
At C:\Users\user\Desktop\Modded\start.ps1:24 char:1
+ $FabricInstallerVersion = $ExternalVariables['FABRIC_INSTALLER_VERSIO ...
+ ~~~~~~~~~~~~~~~~~~~~~~~~~~~~~~~~~~~~~~~~~~~~~~~~~~~~~~~~~~~~~~~~~~~~~
    + CategoryInfo          : InvalidOperation: (:) [], RuntimeException
    + FullyQualifiedErrorId : NullArray
 
Cannot index into a null array.
At C:\Users\user\Desktop\Modded\start.ps1:25 char:1
+ $QuiltInstallerVersion =$ExternalVariables['QUILT_INSTALLER_VERSION']
+ ~~~~~~~~~~~~~~~~~~~~~~~~~~~~~~~~~~~~~~~~~~~~~~~~~~~~~~~~~~~~~~~~~~~~~
    + CategoryInfo          : InvalidOperation: (:) [], RuntimeException
    + FullyQualifiedErrorId : NullArray
 
Cannot index into a null array.
At C:\Users\user\Desktop\Modded\start.ps1:26 char:1
+ $MinecraftServerUrl = $ExternalVariables['MINECRAFT_SERVER_URL']
+ ~~~~~~~~~~~~~~~~~~~~~~~~~~~~~~~~~~~~~~~~~~~~~~~~~~~~~~~~~~~~~~~~
    + CategoryInfo          : InvalidOperation: (:) [], RuntimeException
    + FullyQualifiedErrorId : NullArray
 
Cannot index into a null array.
At C:\Users\user\Desktop\Modded\start.ps1:27 char:1
+ $JavaArgs = $ExternalVariables['JAVA_ARGS']
+ ~~~~~~~~~~~~~~~~~~~~~~~~~~~~~~~~~~~~~~~~~~~
    + CategoryInfo          : InvalidOperation: (:) [], RuntimeException
    + FullyQualifiedErrorId : NullArray
 
Cannot index into a null array.
At C:\Users\user\Desktop\Modded\start.ps1:28 char:1
+ $Java = $ExternalVariables['JAVA']
+ ~~~~~~~~~~~~~~~~~~~~~~~~~~~~~~~~~~
    + CategoryInfo          : InvalidOperation: (:) [], RuntimeException
    + FullyQualifiedErrorId : NullArray
 
Cannot index into a null array.
At C:\Users\user\Desktop\Modded\start.ps1:31 char:5
+ if ($Java[0] -eq '"')
+     ~~~~~~~~~~~~~~~~
    + CategoryInfo          : InvalidOperation: (:) [], RuntimeException
    + FullyQualifiedErrorId : NullArray
 
Cannot index into a null array.
At C:\Users\user\Desktop\Modded\start.ps1:35 char:5
+ if ($Java[$Java.Length-1] -eq '"')
+     ~~~~~~~~~~~~~~~~~~~~~~~~~~~~~
    + CategoryInfo          : InvalidOperation: (:) [], RuntimeException
    + FullyQualifiedErrorId : NullArray
 
Cannot index into a null array.
At C:\Users\user\Desktop\Modded\start.ps1:41 char:5
+ if ($JavaArgs[0] -eq '"')
+     ~~~~~~~~~~~~~~~~~~~~
    + CategoryInfo          : InvalidOperation: (:) [], RuntimeException
    + FullyQualifiedErrorId : NullArray
 
Cannot index into a null array.
At C:\Users\user\Desktop\Modded\start.ps1:45 char:5
+ if ($JavaArgs[$JavaArgs.Length-1] -eq '"')
+     ~~~~~~~~~~~~~~~~~~~~~~~~~~~~~~~~~~~~~
    + CategoryInfo          : InvalidOperation: (:) [], RuntimeException
    + FullyQualifiedErrorId : NullArray
 
Incorrect modloader specified: 
Exiting...
Press any key to continue
